#
# Copyright 2016-2017 The Reaktivity Project
#
# The Reaktivity Project licenses this file to you under the Apache License,
# version 2.0 (the "License"); you may not use this file except in compliance
# with the License. You may obtain a copy of the License at:
#
#   http://www.apache.org/licenses/LICENSE-2.0
#
# Unless required by applicable law or agreed to in writing, software
# distributed under the License is distributed on an "AS IS" BASIS, WITHOUT
# WARRANTIES OR CONDITIONS OF ANY KIND, either express or implied. See the
# License for the specific language governing permissions and limitations
# under the License.
#

property newReplyRef ${nuklei:newReferenceId()} # external scope

property nuklei ${nuklei:directory("target/nukleus-itests").streamsCapacity(1024 * 1024, 64 * 1024)}

property targetReply ${nuklei.streams("tcp", "reply")}

property newReplyId ${nuklei:newStreamId()}

connect await ROUTED_REPLY
        agrona://stream/bidirectional
        option reader ${agrona:oneToOneReader(targetReply.throttle)}
        option writer ${agrona:oneToOneWriter(targetReply.buffer)}
connected

write await WINDOW_UPDATED

write [0x00 0x00 0x00 0x01]
write ${newReplyId}
write ${newReplyRef}
write ${correlationId}
write [0x00]
write flush

close
closed
