#
# Copyright 2016-2017 The Reaktivity Project
#
# The Reaktivity Project licenses this file to you under the Apache License,
# version 2.0 (the "License"); you may not use this file except in compliance
# with the License. You may obtain a copy of the License at:
#
#   http://www.apache.org/licenses/LICENSE-2.0
#
# Unless required by applicable law or agreed to in writing, software
# distributed under the License is distributed on an "AS IS" BASIS, WITHOUT
# WARRANTIES OR CONDITIONS OF ANY KIND, either express or implied. See the
# License for the specific language governing permissions and limitations
# under the License.
#

property newClientAcceptRef ${nuklei:newReferenceId()} # external scope

property nuklei ${nuklei:directory("target/nukleus-itests").streamsCapacity(1024 * 1024, 64 * 1024)}

property clientAccept ${nuklei.streams("tcp", "source#partition")}
property clientAcceptReply ${nuklei.streams("source", "tcp#source")}

property newClientAcceptId ${nuklei:newStreamId()}
property newCorrelationId ${nuklei:newCorrelationId()}

connect await ROUTED_CLIENT
        "agrona://stream/bidirectional"
        option agrona:reader ${agrona:oneToOneReader(clientAccept.throttle)}
        option agrona:writer ${agrona:oneToOneWriter(clientAccept.buffer)}
connected

write [0x00 0x00 0x00 0x01]
write ${newClientAcceptId}
write [0x06] "source"
write ${newClientAcceptRef}
write ${newCorrelationId}
write flush

read [0x40 0x00 0x00 0x02]
read ${newClientAcceptId}
read [0..4]
read [0..4]

write [0x00 0x00 0x00 0x02]
write ${newClientAcceptId}
write [0x00 0x0d]
write "client data 1"
write flush

read [0x40 0x00 0x00 0x02]
read ${newClientAcceptId}
read [0..4]
read [0..4]

write [0x00 0x00 0x00 0x02]
write ${newClientAcceptId}
write [0x00 0x0d]
write "client data 2"
write flush

read [0x40 0x00 0x00 0x02]
read ${newClientAcceptId}
read [0..4]
read [0..4]

close
closed

connect await CONNECTED_CLIENT
        "agrona://stream/bidirectional"
        option agrona:reader ${agrona:oneToOneReader(clientAcceptReply.buffer)}
        option agrona:writer ${agrona:oneToOneWriter(clientAcceptReply.throttle)}
connected

read [0x00 0x00 0x00 0x01]
read ([0..8]:clientAcceptReplyId)
read [0x03] "tcp"
read [0x00 0x00 0x00 0x00 0x00 0x00 0x00 0x00]
read ([0..8]:correlationId)
read ([0..7]:localAddress)
read ([0..7]:remoteAddress)

close
closed
